[Ignored,Ignored,Ignored,Ignored,Ignored,Ignored,Ignored,Ignored,Ignored,Ignored,Ignored,Ignored,Ignored,Ignored,Ignored,Ignored,Ignored,Ignored,Ignored,Ignored,Ignored,Ignored,Covered 315,Ignored,Ignored,Covered 315,Ignored,Ignored,NotCovered,Ignored,Ignored,Covered 837,Covered 837,Ignored,Ignored,Covered 10,Covered 1,Covered 10,Covered 10,Ignored,Ignored,Ignored,Ignored,Covered 64,Ignored,Ignored,Ignored,NotCovered,Ignored,Ignored,NotCovered,NotCovered]