[Ignored,Ignored,Ignored,Ignored,Ignored,Ignored,Ignored,Ignored,Ignored,Ignored,Ignored,Ignored,Ignored,Ignored,Ignored,Ignored,Ignored,Ignored,Ignored,Ignored,Ignored,Ignored,Ignored,Ignored,Covered 220,Ignored,Ignored,Covered 11,Ignored,Ignored,Covered 8,Ignored,Ignored,Ignored,Covered 1,Ignored,Ignored,Covered 1,Ignored,Ignored,Covered 1,Ignored,Ignored,Ignored,Ignored,Ignored,Ignored,Ignored,NotCovered,Ignored,Ignored,Covered 1,Ignored,Ignored,Ignored,Covered 1,Ignored,Ignored,Covered 1,Ignored,Ignored,Covered 430]