[Ignored,Ignored,Ignored,Ignored,Ignored,Ignored,Ignored,Ignored,Ignored,Ignored,Ignored,Ignored,Ignored,Ignored,Ignored,Ignored,Ignored,Ignored,Ignored,Ignored,Ignored,Ignored,Ignored,Ignored,Ignored,Ignored,Ignored,Ignored,Ignored,Covered 564,Covered 565,Covered 566,Ignored,Ignored,Covered 1,Ignored,Ignored,NotCovered,Ignored,Ignored,NotCovered,Ignored,Ignored,NotCovered,Ignored,Ignored,NotCovered,Ignored,Ignored,NotCovered,Ignored,Ignored,NotCovered,Ignored,Ignored,Covered 1,Ignored,Ignored,Covered 1,Ignored,Ignored,Covered 1,Ignored,Ignored,Covered 1,Ignored,Ignored,Covered 1]