[Ignored,Ignored,Ignored,Ignored,Ignored,Ignored,Ignored,Ignored,Ignored,Ignored,Ignored,Ignored,Ignored,Ignored,Ignored,Ignored,Ignored,Ignored,Ignored,Ignored,Ignored,Covered 1,Ignored,Ignored,Covered 845,Covered 847,Ignored,Ignored,Covered 8372,Ignored,Ignored,Covered 8394,Ignored,Ignored,Covered 1,Ignored,Ignored,Ignored,Ignored,Ignored,Ignored,Covered 1,Ignored,Ignored,Covered 1,Ignored,Ignored,Covered 3374,Ignored,Ignored,Covered 1130,Ignored,Ignored,Covered 1131,Ignored,Ignored,Covered 1130,Ignored,Ignored,Covered 1130,Covered 1,Covered 1130,Covered 1132,Covered 1130,Covered 1132,Covered 1128,Covered 1130,Ignored,Ignored,Covered 561,Covered 561,Ignored,Ignored,Covered 563,Covered 1,Covered 564,Ignored,Ignored,Covered 563,Covered 564,Ignored,Ignored,Covered 1,Covered 99,Covered 21,Covered 401,Covered 42,Ignored,Ignored,Covered 1,Covered 33,Covered 442,Covered 13,Covered 10,NotCovered,Covered 1,Covered 1,Covered 16,Covered 44,Ignored,Ignored,Covered 958]