[Ignored,Ignored,Ignored,Ignored,Ignored,Ignored,Ignored,Ignored,Ignored,Ignored,Ignored,Ignored,Ignored,Ignored,Ignored,Ignored,Ignored,Ignored,Ignored,Ignored,Ignored,Ignored,Ignored,Ignored,Ignored,Ignored,Ignored,Covered 6,Ignored,Ignored,Ignored,NotCovered,NotCovered,NotCovered,NotCovered,NotCovered,NotCovered,NotCovered,NotCovered,NotCovered,Ignored,Ignored,Ignored,NotCovered]